building/zone_01/surface_01/heat_flux/radiation/shortwave/unit_area::Total_Average 0.000000e+00 (W/m2)
building/zone_01/surface_01/heat_flux/radiation/shortwave/unit_area::Active_Average 0.000000e+00 (W/m2)
building/zone_01/surface_01/heat_flux/radiation/shortwave/unit_area::Maximum 0.000000e+00 (W/m2)
building/zone_01/surface_01/heat_flux/radiation/shortwave/unit_area::Minimum 0.000000e+00 (W/m2)
building/zone_01/surface_02/heat_flux/radiation/shortwave/unit_area::Total_Average 5.231820e+01 (W/m2)
building/zone_01/surface_02/heat_flux/radiation/shortwave/unit_area::Active_Average 5.231820e+01 (W/m2)
building/zone_01/surface_02/heat_flux/radiation/shortwave/unit_area::Maximum 6.047838e+02 (W/m2)
building/zone_01/surface_02/heat_flux/radiation/shortwave/unit_area::Minimum 0.000000e+00 (W/m2)
building/zone_01/surface_03/heat_flux/radiation/shortwave/unit_area::Total_Average 2.974192e+01 (W/m2)
building/zone_01/surface_03/heat_flux/radiation/shortwave/unit_area::Active_Average 2.974192e+01 (W/m2)
building/zone_01/surface_03/heat_flux/radiation/shortwave/unit_area::Maximum 2.634033e+02 (W/m2)
building/zone_01/surface_03/heat_flux/radiation/shortwave/unit_area::Minimum 0.000000e+00 (W/m2)
building/zone_01/surface_04/heat_flux/radiation/shortwave/unit_area::Total_Average 0.000000e+00 (W/m2)
building/zone_01/surface_04/heat_flux/radiation/shortwave/unit_area::Active_Average 0.000000e+00 (W/m2)
building/zone_01/surface_04/heat_flux/radiation/shortwave/unit_area::Maximum 0.000000e+00 (W/m2)
building/zone_01/surface_04/heat_flux/radiation/shortwave/unit_area::Minimum 0.000000e+00 (W/m2)
building/zone_01/surface_05/heat_flux/radiation/shortwave/unit_area::Total_Average 0.000000e+00 (W/m2)
building/zone_01/surface_05/heat_flux/radiation/shortwave/unit_area::Active_Average 0.000000e+00 (W/m2)
building/zone_01/surface_05/heat_flux/radiation/shortwave/unit_area::Maximum 0.000000e+00 (W/m2)
building/zone_01/surface_05/heat_flux/radiation/shortwave/unit_area::Minimum 0.000000e+00 (W/m2)
building/zone_01/surface_06/heat_flux/radiation/shortwave/unit_area::Total_Average 0.000000e+00 (W/m2)
building/zone_01/surface_06/heat_flux/radiation/shortwave/unit_area::Active_Average 0.000000e+00 (W/m2)
building/zone_01/surface_06/heat_flux/radiation/shortwave/unit_area::Maximum 0.000000e+00 (W/m2)
building/zone_01/surface_06/heat_flux/radiation/shortwave/unit_area::Minimum 0.000000e+00 (W/m2)
building/zone_01/surface_07/heat_flux/radiation/shortwave/unit_area::Total_Average 1.409474e+00 (W/m2)
building/zone_01/surface_07/heat_flux/radiation/shortwave/unit_area::Active_Average 1.409474e+00 (W/m2)
building/zone_01/surface_07/heat_flux/radiation/shortwave/unit_area::Maximum 1.357895e+01 (W/m2)
building/zone_01/surface_07/heat_flux/radiation/shortwave/unit_area::Minimum 0.000000e+00 (W/m2)
building/zone_02/surface_01/heat_flux/radiation/shortwave/unit_area::Total_Average 7.753982e+01 (W/m2)
building/zone_02/surface_01/heat_flux/radiation/shortwave/unit_area::Active_Average 7.753982e+01 (W/m2)
building/zone_02/surface_01/heat_flux/radiation/shortwave/unit_area::Maximum 6.743693e+02 (W/m2)
building/zone_02/surface_01/heat_flux/radiation/shortwave/unit_area::Minimum 0.000000e+00 (W/m2)
building/zone_02/surface_02/heat_flux/radiation/shortwave/unit_area::Total_Average 5.231821e+01 (W/m2)
building/zone_02/surface_02/heat_flux/radiation/shortwave/unit_area::Active_Average 5.231821e+01 (W/m2)
building/zone_02/surface_02/heat_flux/radiation/shortwave/unit_area::Maximum 6.047839e+02 (W/m2)
building/zone_02/surface_02/heat_flux/radiation/shortwave/unit_area::Minimum 0.000000e+00 (W/m2)
building/zone_02/surface_03/heat_flux/radiation/shortwave/unit_area::Total_Average 2.974192e+01 (W/m2)
building/zone_02/surface_03/heat_flux/radiation/shortwave/unit_area::Active_Average 2.974192e+01 (W/m2)
building/zone_02/surface_03/heat_flux/radiation/shortwave/unit_area::Maximum 2.634032e+02 (W/m2)
building/zone_02/surface_03/heat_flux/radiation/shortwave/unit_area::Minimum 0.000000e+00 (W/m2)
building/zone_02/surface_04/heat_flux/radiation/shortwave/unit_area::Total_Average 0.000000e+00 (W/m2)
building/zone_02/surface_04/heat_flux/radiation/shortwave/unit_area::Active_Average 0.000000e+00 (W/m2)
building/zone_02/surface_04/heat_flux/radiation/shortwave/unit_area::Maximum 0.000000e+00 (W/m2)
building/zone_02/surface_04/heat_flux/radiation/shortwave/unit_area::Minimum 0.000000e+00 (W/m2)
building/zone_02/surface_05/heat_flux/radiation/shortwave/unit_area::Total_Average 0.000000e+00 (W/m2)
building/zone_02/surface_05/heat_flux/radiation/shortwave/unit_area::Active_Average 0.000000e+00 (W/m2)
building/zone_02/surface_05/heat_flux/radiation/shortwave/unit_area::Maximum 0.000000e+00 (W/m2)
building/zone_02/surface_05/heat_flux/radiation/shortwave/unit_area::Minimum 0.000000e+00 (W/m2)
building/zone_02/surface_06/heat_flux/radiation/shortwave/unit_area::Total_Average 0.000000e+00 (W/m2)
building/zone_02/surface_06/heat_flux/radiation/shortwave/unit_area::Active_Average 0.000000e+00 (W/m2)
building/zone_02/surface_06/heat_flux/radiation/shortwave/unit_area::Maximum 0.000000e+00 (W/m2)
building/zone_02/surface_06/heat_flux/radiation/shortwave/unit_area::Minimum 0.000000e+00 (W/m2)
building/zone_02/surface_07/heat_flux/radiation/shortwave/unit_area::Total_Average 3.692792e+00 (W/m2)
building/zone_02/surface_07/heat_flux/radiation/shortwave/unit_area::Active_Average 3.692792e+00 (W/m2)
building/zone_02/surface_07/heat_flux/radiation/shortwave/unit_area::Maximum 3.031708e+01 (W/m2)
building/zone_02/surface_07/heat_flux/radiation/shortwave/unit_area::Minimum 0.000000e+00 (W/m2)
building/zone_02/surface_08/heat_flux/radiation/shortwave/unit_area::Total_Average 2.472209e+00 (W/m2)
building/zone_02/surface_08/heat_flux/radiation/shortwave/unit_area::Active_Average 2.472209e+00 (W/m2)
building/zone_02/surface_08/heat_flux/radiation/shortwave/unit_area::Maximum 2.668355e+01 (W/m2)
building/zone_02/surface_08/heat_flux/radiation/shortwave/unit_area::Minimum 0.000000e+00 (W/m2)
building/zone_02/surface_09/heat_flux/radiation/shortwave/unit_area::Total_Average 1.437606e+00 (W/m2)
building/zone_02/surface_09/heat_flux/radiation/shortwave/unit_area::Active_Average 1.437606e+00 (W/m2)
building/zone_02/surface_09/heat_flux/radiation/shortwave/unit_area::Maximum 1.341221e+01 (W/m2)
building/zone_02/surface_09/heat_flux/radiation/shortwave/unit_area::Minimum 0.000000e+00 (W/m2)
building/zone_02/surface_10/heat_flux/radiation/shortwave/unit_area::Total_Average 0.000000e+00 (W/m2)
building/zone_02/surface_10/heat_flux/radiation/shortwave/unit_area::Active_Average 0.000000e+00 (W/m2)
building/zone_02/surface_10/heat_flux/radiation/shortwave/unit_area::Maximum 0.000000e+00 (W/m2)
building/zone_02/surface_10/heat_flux/radiation/shortwave/unit_area::Minimum 0.000000e+00 (W/m2)
building/zone_02/surface_11/heat_flux/radiation/shortwave/unit_area::Total_Average 0.000000e+00 (W/m2)
building/zone_02/surface_11/heat_flux/radiation/shortwave/unit_area::Active_Average 0.000000e+00 (W/m2)
building/zone_02/surface_11/heat_flux/radiation/shortwave/unit_area::Maximum 0.000000e+00 (W/m2)
building/zone_02/surface_11/heat_flux/radiation/shortwave/unit_area::Minimum 0.000000e+00 (W/m2)
building/zone_03/surface_01/heat_flux/radiation/shortwave/unit_area::Total_Average 7.753981e+01 (W/m2)
building/zone_03/surface_01/heat_flux/radiation/shortwave/unit_area::Active_Average 7.753981e+01 (W/m2)
building/zone_03/surface_01/heat_flux/radiation/shortwave/unit_area::Maximum 6.743693e+02 (W/m2)
building/zone_03/surface_01/heat_flux/radiation/shortwave/unit_area::Minimum 0.000000e+00 (W/m2)
building/zone_03/surface_02/heat_flux/radiation/shortwave/unit_area::Total_Average 5.231821e+01 (W/m2)
building/zone_03/surface_02/heat_flux/radiation/shortwave/unit_area::Active_Average 5.231821e+01 (W/m2)
building/zone_03/surface_02/heat_flux/radiation/shortwave/unit_area::Maximum 6.047839e+02 (W/m2)
building/zone_03/surface_02/heat_flux/radiation/shortwave/unit_area::Minimum 0.000000e+00 (W/m2)
building/zone_03/surface_03/heat_flux/radiation/shortwave/unit_area::Total_Average 2.974192e+01 (W/m2)
building/zone_03/surface_03/heat_flux/radiation/shortwave/unit_area::Active_Average 2.974192e+01 (W/m2)
building/zone_03/surface_03/heat_flux/radiation/shortwave/unit_area::Maximum 2.634032e+02 (W/m2)
building/zone_03/surface_03/heat_flux/radiation/shortwave/unit_area::Minimum 0.000000e+00 (W/m2)
building/zone_03/surface_04/heat_flux/radiation/shortwave/unit_area::Total_Average 0.000000e+00 (W/m2)
building/zone_03/surface_04/heat_flux/radiation/shortwave/unit_area::Active_Average 0.000000e+00 (W/m2)
building/zone_03/surface_04/heat_flux/radiation/shortwave/unit_area::Maximum 0.000000e+00 (W/m2)
building/zone_03/surface_04/heat_flux/radiation/shortwave/unit_area::Minimum 0.000000e+00 (W/m2)
building/zone_03/surface_05/heat_flux/radiation/shortwave/unit_area::Total_Average 0.000000e+00 (W/m2)
building/zone_03/surface_05/heat_flux/radiation/shortwave/unit_area::Active_Average 0.000000e+00 (W/m2)
building/zone_03/surface_05/heat_flux/radiation/shortwave/unit_area::Maximum 0.000000e+00 (W/m2)
building/zone_03/surface_05/heat_flux/radiation/shortwave/unit_area::Minimum 0.000000e+00 (W/m2)
building/zone_03/surface_06/heat_flux/radiation/shortwave/unit_area::Total_Average 0.000000e+00 (W/m2)
building/zone_03/surface_06/heat_flux/radiation/shortwave/unit_area::Active_Average 0.000000e+00 (W/m2)
building/zone_03/surface_06/heat_flux/radiation/shortwave/unit_area::Maximum 0.000000e+00 (W/m2)
building/zone_03/surface_06/heat_flux/radiation/shortwave/unit_area::Minimum 0.000000e+00 (W/m2)
building/zone_03/surface_07/heat_flux/radiation/shortwave/unit_area::Total_Average 3.697277e+00 (W/m2)
building/zone_03/surface_07/heat_flux/radiation/shortwave/unit_area::Active_Average 3.697277e+00 (W/m2)
building/zone_03/surface_07/heat_flux/radiation/shortwave/unit_area::Maximum 3.035283e+01 (W/m2)
building/zone_03/surface_07/heat_flux/radiation/shortwave/unit_area::Minimum 0.000000e+00 (W/m2)
building/zone_03/surface_08/heat_flux/radiation/shortwave/unit_area::Total_Average 2.477282e+00 (W/m2)
building/zone_03/surface_08/heat_flux/radiation/shortwave/unit_area::Active_Average 2.477282e+00 (W/m2)
building/zone_03/surface_08/heat_flux/radiation/shortwave/unit_area::Maximum 2.669472e+01 (W/m2)
building/zone_03/surface_08/heat_flux/radiation/shortwave/unit_area::Minimum 0.000000e+00 (W/m2)
building/zone_03/surface_09/heat_flux/radiation/shortwave/unit_area::Total_Average 1.442219e+00 (W/m2)
building/zone_03/surface_09/heat_flux/radiation/shortwave/unit_area::Active_Average 1.442219e+00 (W/m2)
building/zone_03/surface_09/heat_flux/radiation/shortwave/unit_area::Maximum 1.342296e+01 (W/m2)
building/zone_03/surface_09/heat_flux/radiation/shortwave/unit_area::Minimum 0.000000e+00 (W/m2)
building/zone_03/surface_10/heat_flux/radiation/shortwave/unit_area::Total_Average 0.000000e+00 (W/m2)
building/zone_03/surface_10/heat_flux/radiation/shortwave/unit_area::Active_Average 0.000000e+00 (W/m2)
building/zone_03/surface_10/heat_flux/radiation/shortwave/unit_area::Maximum 0.000000e+00 (W/m2)
building/zone_03/surface_10/heat_flux/radiation/shortwave/unit_area::Minimum 0.000000e+00 (W/m2)
building/zone_04/surface_01/heat_flux/radiation/shortwave/unit_area::Total_Average 1.052326e+02 (W/m2)
building/zone_04/surface_01/heat_flux/radiation/shortwave/unit_area::Active_Average 1.052326e+02 (W/m2)
building/zone_04/surface_01/heat_flux/radiation/shortwave/unit_area::Maximum 9.152154e+02 (W/m2)
building/zone_04/surface_01/heat_flux/radiation/shortwave/unit_area::Minimum 0.000000e+00 (W/m2)
building/zone_04/surface_02/heat_flux/radiation/shortwave/unit_area::Total_Average 1.171870e+02 (W/m2)
building/zone_04/surface_02/heat_flux/radiation/shortwave/unit_area::Active_Average 1.171870e+02 (W/m2)
building/zone_04/surface_02/heat_flux/radiation/shortwave/unit_area::Maximum 9.489444e+02 (W/m2)
building/zone_04/surface_02/heat_flux/radiation/shortwave/unit_area::Minimum 0.000000e+00 (W/m2)
building/zone_04/surface_03/heat_flux/radiation/shortwave/unit_area::Total_Average 4.036404e+01 (W/m2)
building/zone_04/surface_03/heat_flux/radiation/shortwave/unit_area::Active_Average 4.036404e+01 (W/m2)
building/zone_04/surface_03/heat_flux/radiation/shortwave/unit_area::Maximum 3.574759e+02 (W/m2)
building/zone_04/surface_03/heat_flux/radiation/shortwave/unit_area::Minimum 0.000000e+00 (W/m2)
building/zone_04/surface_04/heat_flux/radiation/shortwave/unit_area::Total_Average 1.345887e+02 (W/m2)
building/zone_04/surface_04/heat_flux/radiation/shortwave/unit_area::Active_Average 1.345887e+02 (W/m2)
building/zone_04/surface_04/heat_flux/radiation/shortwave/unit_area::Maximum 1.001638e+03 (W/m2)
building/zone_04/surface_04/heat_flux/radiation/shortwave/unit_area::Minimum 0.000000e+00 (W/m2)
building/zone_04/surface_05/heat_flux/radiation/shortwave/unit_area::Total_Average 0.000000e+00 (W/m2)
building/zone_04/surface_05/heat_flux/radiation/shortwave/unit_area::Active_Average 0.000000e+00 (W/m2)
building/zone_04/surface_05/heat_flux/radiation/shortwave/unit_area::Maximum 0.000000e+00 (W/m2)
building/zone_04/surface_05/heat_flux/radiation/shortwave/unit_area::Minimum 0.000000e+00 (W/m2)
building/zone_05/surface_01/heat_flux/radiation/shortwave/unit_area::Total_Average 7.753982e+01 (W/m2)
building/zone_05/surface_01/heat_flux/radiation/shortwave/unit_area::Active_Average 7.753982e+01 (W/m2)
building/zone_05/surface_01/heat_flux/radiation/shortwave/unit_area::Maximum 6.743693e+02 (W/m2)
building/zone_05/surface_01/heat_flux/radiation/shortwave/unit_area::Minimum 0.000000e+00 (W/m2)
building/zone_05/surface_02/heat_flux/radiation/shortwave/unit_area::Total_Average 5.231821e+01 (W/m2)
building/zone_05/surface_02/heat_flux/radiation/shortwave/unit_area::Active_Average 5.231821e+01 (W/m2)
building/zone_05/surface_02/heat_flux/radiation/shortwave/unit_area::Maximum 6.047839e+02 (W/m2)
building/zone_05/surface_02/heat_flux/radiation/shortwave/unit_area::Minimum 0.000000e+00 (W/m2)
building/zone_05/surface_03/heat_flux/radiation/shortwave/unit_area::Total_Average 0.000000e+00 (W/m2)
building/zone_05/surface_03/heat_flux/radiation/shortwave/unit_area::Active_Average 0.000000e+00 (W/m2)
building/zone_05/surface_03/heat_flux/radiation/shortwave/unit_area::Maximum 0.000000e+00 (W/m2)
building/zone_05/surface_03/heat_flux/radiation/shortwave/unit_area::Minimum 0.000000e+00 (W/m2)
building/zone_05/surface_04/heat_flux/radiation/shortwave/unit_area::Total_Average 0.000000e+00 (W/m2)
building/zone_05/surface_04/heat_flux/radiation/shortwave/unit_area::Active_Average 0.000000e+00 (W/m2)
building/zone_05/surface_04/heat_flux/radiation/shortwave/unit_area::Maximum 0.000000e+00 (W/m2)
building/zone_05/surface_04/heat_flux/radiation/shortwave/unit_area::Minimum 0.000000e+00 (W/m2)
building/zone_05/surface_05/heat_flux/radiation/shortwave/unit_area::Total_Average 0.000000e+00 (W/m2)
building/zone_05/surface_05/heat_flux/radiation/shortwave/unit_area::Active_Average 0.000000e+00 (W/m2)
building/zone_05/surface_05/heat_flux/radiation/shortwave/unit_area::Maximum 0.000000e+00 (W/m2)
building/zone_05/surface_05/heat_flux/radiation/shortwave/unit_area::Minimum 0.000000e+00 (W/m2)
building/zone_05/surface_06/heat_flux/radiation/shortwave/unit_area::Total_Average 0.000000e+00 (W/m2)
building/zone_05/surface_06/heat_flux/radiation/shortwave/unit_area::Active_Average 0.000000e+00 (W/m2)
building/zone_05/surface_06/heat_flux/radiation/shortwave/unit_area::Maximum 0.000000e+00 (W/m2)
building/zone_05/surface_06/heat_flux/radiation/shortwave/unit_area::Minimum 0.000000e+00 (W/m2)
total_fuel_use/electricity/all_end_uses/quantity::Total_Average 2.255308e-04 (kWh/s)
total_fuel_use/electricity/all_end_uses/quantity::Active_Average 2.255308e-04 (kWh/s)
total_fuel_use/electricity/all_end_uses/quantity::Maximum 1.828935e-03 (kWh/s)
total_fuel_use/electricity/all_end_uses/quantity::Minimum 1.433371e-05 (kWh/s)
total_fuel_use/hard_wood/all_end_uses/quantity::Total_Average 0.000000e+00 (tonne/s)
total_fuel_use/hard_wood/all_end_uses/quantity::Active_Average 0.000000e+00 (tonne/s)
total_fuel_use/hard_wood/all_end_uses/quantity::Maximum 0.000000e+00 (tonne/s)
total_fuel_use/hard_wood/all_end_uses/quantity::Minimum 0.000000e+00 (tonne/s)
total_fuel_use/mixed_wood/all_end_uses/quantity::Total_Average 0.000000e+00 (tonne/s)
total_fuel_use/mixed_wood/all_end_uses/quantity::Active_Average 0.000000e+00 (tonne/s)
total_fuel_use/mixed_wood/all_end_uses/quantity::Maximum 0.000000e+00 (tonne/s)
total_fuel_use/mixed_wood/all_end_uses/quantity::Minimum 0.000000e+00 (tonne/s)
total_fuel_use/natural_gas/all_end_uses/quantity::Total_Average 4.424386e-05 (m3/s)
total_fuel_use/natural_gas/all_end_uses/quantity::Active_Average 4.424386e-05 (m3/s)
total_fuel_use/natural_gas/all_end_uses/quantity::Maximum 2.225941e-04 (m3/s)
total_fuel_use/natural_gas/all_end_uses/quantity::Minimum -6.553443e-07 (m3/s)
total_fuel_use/oil/all_end_uses/quantity::Total_Average 0.000000e+00 (l/s)
total_fuel_use/oil/all_end_uses/quantity::Active_Average 0.000000e+00 (l/s)
total_fuel_use/oil/all_end_uses/quantity::Maximum 0.000000e+00 (l/s)
total_fuel_use/oil/all_end_uses/quantity::Minimum 0.000000e+00 (l/s)
total_fuel_use/propane/all_end_uses/quantity::Total_Average 0.000000e+00 (m3/s)
total_fuel_use/propane/all_end_uses/quantity::Active_Average 0.000000e+00 (m3/s)
total_fuel_use/propane/all_end_uses/quantity::Maximum 0.000000e+00 (m3/s)
total_fuel_use/propane/all_end_uses/quantity::Minimum 0.000000e+00 (m3/s)
total_fuel_use/soft_wood/all_end_uses/quantity::Total_Average 0.000000e+00 (tonne/s)
total_fuel_use/soft_wood/all_end_uses/quantity::Active_Average 0.000000e+00 (tonne/s)
total_fuel_use/soft_wood/all_end_uses/quantity::Maximum 0.000000e+00 (tonne/s)
total_fuel_use/soft_wood/all_end_uses/quantity::Minimum 0.000000e+00 (tonne/s)
total_fuel_use/test/all_fuels/equipment/energy_content::Total_Average 7.730020e+02 (W)
total_fuel_use/test/all_fuels/equipment/energy_content::Active_Average 7.730020e+02 (W)
total_fuel_use/test/all_fuels/equipment/energy_content::Maximum 6.584159e+03 (W)
total_fuel_use/test/all_fuels/equipment/energy_content::Minimum 5.160130e+01 (W)
total_fuel_use/test/all_fuels/equipment/energy_content::AnnualTotal 24.377392 (GJ)
total_fuel_use/test/all_fuels/space_cooling/energy_content::Total_Average 8.793676e+02 (W)
total_fuel_use/test/all_fuels/space_cooling/energy_content::Active_Average 8.793676e+02 (W)
total_fuel_use/test/all_fuels/space_cooling/energy_content::Maximum 2.136442e+03 (W)
total_fuel_use/test/all_fuels/space_cooling/energy_content::Minimum 0.000000e+00 (W)
total_fuel_use/test/all_fuels/space_cooling/energy_content::AnnualTotal 1.149158 (GJ)
total_fuel_use/test/all_fuels/space_heating/energy_content::Total_Average 2.371002e+03 (W)
total_fuel_use/test/all_fuels/space_heating/energy_content::Active_Average 2.371002e+03 (W)
total_fuel_use/test/all_fuels/space_heating/energy_content::Maximum 6.002563e+03 (W)
total_fuel_use/test/all_fuels/space_heating/energy_content::Minimum 5.688738e+02 (W)
total_fuel_use/test/all_fuels/space_heating/energy_content::AnnualTotal 34.458241 (GJ)
total_fuel_use/test/all_fuels/water_heating/energy_content::Total_Average 5.549485e+02 (W)
total_fuel_use/test/all_fuels/water_heating/energy_content::Active_Average 5.549485e+02 (W)
total_fuel_use/test/all_fuels/water_heating/energy_content::Maximum 2.288127e+03 (W)
total_fuel_use/test/all_fuels/water_heating/energy_content::Minimum -2.660803e+01 (W)
total_fuel_use/test/all_fuels/water_heating/energy_content::AnnualTotal 17.498858 (GJ)
total_fuel_use/wood_pellets/all_end_uses/quantity::Total_Average 0.000000e+00 (tonne/s)
total_fuel_use/wood_pellets/all_end_uses/quantity::Active_Average 0.000000e+00 (tonne/s)
total_fuel_use/wood_pellets/all_end_uses/quantity::Maximum 0.000000e+00 (tonne/s)
total_fuel_use/wood_pellets/all_end_uses/quantity::Minimum 0.000000e+00 (tonne/s)
